C:\Users\user\Documents\sporarea\server\node_modules\@prisma\client\src\runtime\getPrismaClient.ts:320
        throw new PrismaClientInitializationError(
              ^
PrismaClientInitializationError: `PrismaClient` needs to be constructed with a non-empty, valid `PrismaClientOptions`:

```
new PrismaClient({
  ...
})
```

or

```
constructor() {
  super({ ... });
}
```
          
    at new t (C:\Users\user\Documents\sporarea\server\node_modules\@prisma\client\src\runtime\getPrismaClient.ts:320:15)
    at Object.<anonymous> (C:\Users\user\Documents\sporarea\server\index.ts:7:16)
    at Module._compile (node:internal/modules/cjs/loader:1812:14)
    at Module.m._compile (C:\Users\user\Documents\sporarea\server\node_modules\ts-node\src\index.ts:1618:23)
    at node:internal/modules/cjs/loader:1943:10
    at Object.require.extensions.<computed> [as .ts] (C:\Users\user\Documents\sporarea\server\node_modules\ts-node\src\index.ts:1621:12)
    at Module.load (node:internal/modules/cjs/loader:1533:32)
    at Module._load (node:internal/modules/cjs/loader:1335:12)
    at wrapModuleLoad (node:internal/modules/cjs/loader:255:19)
    at Module.executeUserEntryPoint [as runMain] (node:internal/modules/run_main:154:5) {
  clientVersion: '7.6.0',
  errorCode: undefined,
  retryable: undefined
}
